// Jest Snapshot v1, https://goo.gl/fbAQLP

exports[`Core component app tests renders 1`] = `
Array [
  <header
    className="header"
  >
    <button
      id="sidemenu"
      onClick={[Function]}
    >
      sidemenu
    </button>
    <button
      id="options"
      onClick={[Function]}
    >
      options
    </button>
  </header>,
  <div
    className="container"
  />,
  <div
    className="opacity"
    onClick={[Function]}
    onTransitionEnd={[Function]}
  />,
  <div
    className="container"
  />,
  <div
    className="opacity"
    onClick={[Function]}
    onTransitionEnd={[Function]}
  />,
]
`;
