// Jest Snapshot v1, https://goo.gl/fbAQLP

exports[`Core component header tests renders 1`] = `
<header
  className="header"
>
  <button
    id="sidemenu_button"
    onClick={[Function]}
  >
    sidemenu
  </button>
  <button
    id="options_button"
    onClick={[Function]}
  >
    options
  </button>
</header>
`;
